--- Testing YouTube Search ---
Search Results: [
  {
    "id": "yt-LMFCM_Dhy0I",
    "title": "How to save tax on salary income in India? 100% Income tax India approved! Update 2025",
    "description": "The Ultimate Indian Tax Saving Masterclass For Salaried People | CA Rajat Chetani Are you a salaried individual in India looking ...",
    "url": "https://www.youtube.com/watch?v=LMFCM_Dhy0I",
    "thumbnailUrl": "https://i.ytimg.com/vi/LMFCM_Dhy0I/hqdefault.jpg",
    "author": "CA Rajat & Harshita",
    "type": "VIDEO"
  },
  {
    "id": "yt-VD9q2oOHccE",
    "title": "HereΓÇÖs how you can pay zero taxes on a 12 Lakhs salary. Read description",
    "description": "Here's how you can pay 0 Taxes on your 12 Lakhs Salary 1) Standard Deduction of 50000 under Section 16(ia) 2) HRA ...",
    "url": "https://www.youtube.com/watch?v=VD9q2oOHccE",
    "thumbnailUrl": "https://i.ytimg.com/vi/VD9q2oOHccE/hqdefault.jpg",
    "author": "CA Sakchi Jain | Finance",
    "type": "VIDEO"
  }
]

--- Testing Sync with DB ---
Synced Resources: [
  {
    "id": "yt-rBMwZP2XpkA",
    "title": "5 apps I use for INVESTING! | Ankur Warikoo #Shorts",
    "description": "SIP in Stocks with FREE* Demat A/c on INDmoney: https://indmoney.onelink.me/RmHC/x3g6i4vs My Money Apps: ...",
    "type": "VIDEO",
    "category": "Investing",
    "url": "https://www.youtube.com/watch?v=rBMwZP2XpkA",
    "thumbnailUrl": "https://i.ytimg.com/vi/rBMwZP2XpkA/hqdefault.jpg",
    "author": "warikoo",
    "tags": [],
    "createdAt": "2026-03-25T15:11:24.309Z"
  },
  {
    "id": "yt-eteBTw31Jzs",
    "title": "Rs. 100 ko INVEST karne ka SPLIT! | Ankur Warikoo #shorts",
    "description": "If you wish to be part of the Money Matters series, please fill up this form: https://forms.gle/uj9JPUBp8Wo9nZQi7 ...",
    "type": "VIDEO",
    "category": "Investing",
    "url": "https://www.youtube.com/watch?v=eteBTw31Jzs",
    "thumbnailUrl": "https://i.ytimg.com/vi/eteBTw31Jzs/hqdefault.jpg",
    "author": "warikoo",
    "tags": [],
    "createdAt": "2026-03-25T15:13:28.959Z"
  }
]

Γ£à Success! YouTube integration is working.
